// Vitest Snapshot v1, https://vitest.dev/guide/snapshot.html

exports[`renders an empty list correctly 1`] = `
[
  <div
    aria-busy={true}
    aria-live="polite"
  >
    <div
      className="MuiPaper-root MuiPaper-elevation MuiPaper-rounded MuiPaper-elevation1  mui-9re55q-MuiPaper-root"
    >
      <div
        className="header mui-1vdhda9-headerPadding"
      >
        <div
          className="mui-j7qwjs"
        >
          <div
            className="mui-mt0dvk"
          >
            <div
              className=" mui-1kxj5dx"
              data-loading={true}
            >
              <h1
                className="MuiTypography-root MuiTypography-h1  mui-1bsc9a5-MuiTypography-root"
              >
                Tag types (5)
              </h1>
            </div>
            <div
              className="mui-j2179i"
            >
              <div
                className="mui-non55o"
              >
                <div
                  className="mui-1om4ep4"
                >
                  <svg
                    aria-hidden={true}
                    className="MuiSvgIcon-root MuiSvgIcon-fontSizeMedium mui-6jhd5d-MuiSvgIcon-root"
                    data-testid="SearchIcon"
                    focusable="false"
                    viewBox="0 0 24 24"
                  >
                    <path
                      d="M15.5 14h-.79l-.28-.27C15.41 12.59 16 11.11 16 9.5 16 5.91 13.09 3 9.5 3S3 5.91 3 9.5 5.91 16 9.5 16c1.61 0 3.09-.59 4.23-1.57l.27.28v.79l5 4.99L20.49 19l-4.99-5zm-6 0C7.01 14 5 11.99 5 9.5S7.01 5 9.5 5 14 7.01 14 9.5 11.99 14 9.5 14z"
                    />
                  </svg>
                  <div
                    className="MuiInputBase-root MuiInputBase-colorPrimary mui-1mvykop-MuiInputBase-root"
                    onClick={[Function]}
                  >
                    <input
                      aria-label="Search (Ctrl+Shift+K)"
                      className="MuiInputBase-input mui-mfsqjb-MuiInputBase-input"
                      data-testid="SEARCH_INPUT"
                      onAnimationStart={[Function]}
                      onBlur={[Function]}
                      onChange={[Function]}
                      onFocus={[Function]}
                      placeholder="Search (Ctrl+Shift+K)"
                      type="text"
                      value=""
                    />
                  </div>
                  <div
                    className="MuiBox-root mui-1ty7gog"
                  />
                </div>
              </div>
              <hr
                className="MuiDivider-root MuiDivider-middle MuiDivider-vertical mui-1cqsk4j-MuiDivider-root"
              />
              <button
                aria-labelledby="useId-0"
                className="MuiButtonBase-root MuiButton-root MuiButton-contained MuiButton-containedPrimary MuiButton-sizeMedium MuiButton-containedSizeMedium MuiButton-root MuiButton-contained MuiButton-containedPrimary MuiButton-sizeMedium MuiButton-containedSizeMedium mui-rkhgas-MuiButtonBase-root-MuiButton-root"
                disabled={false}
                onBlur={[Function]}
                onClick={[Function]}
                onContextMenu={[Function]}
                onDragLeave={[Function]}
                onFocus={[Function]}
                onKeyDown={[Function]}
                onKeyUp={[Function]}
                onMouseDown={[Function]}
                onMouseLeave={[Function]}
                onMouseUp={[Function]}
                onTouchEnd={[Function]}
                onTouchMove={[Function]}
                onTouchStart={[Function]}
                tabIndex={0}
                type="button"
              >
                New tag type
                <span
                  className="MuiTouchRipple-root mui-8je8zh-MuiTouchRipple-root"
                />
              </button>
            </div>
          </div>
        </div>
      </div>
      <div
        className="body mui-ccg7sp-bodyContainer"
      >
        <table
          className="MuiTable-root mui-1h5dyuu-MuiTable-root"
          role="table"
        >
          <thead
            className="MuiTableHead-root mui-jwzar2-MuiTableHead-root"
            role={null}
          >
            <tr
              className="MuiTableRow-root MuiTableRow-head mui-15lapfi-MuiTableRow-root"
              data-loading={true}
              role="row"
            >
              <th
                className="MuiTableCell-root MuiTableCell-head MuiTableCell-sizeMedium mui-1jpcb9q-MuiTableCell-root"
                scope="col"
                style={
                  {
                    "maxWidth": 9007199254740991,
                    "minWidth": 0,
                    "width": 150,
                  }
                }
              >
                <div>
                   
                </div>
              </th>
              <th
                aria-sort="ascending"
                className="MuiTableCell-root MuiTableCell-head MuiTableCell-sizeMedium mui-1tdt0jv-MuiTableCell-root"
                scope="col"
                style={
                  {
                    "maxWidth": 9007199254740991,
                    "minWidth": 0,
                    "width": "90%",
                  }
                }
              >
                <button
                  aria-label=""
                  aria-labelledby={null}
                  className=" mui-abwubk"
                  data-mui-internal-clone-element={true}
                  onBlur={[Function]}
                  onClick={[Function]}
                  onFocus={[Function]}
                  onMouseLeave={[Function]}
                  onMouseOver={[Function]}
                  onTouchEnd={[Function]}
                  onTouchStart={[Function]}
                  type="button"
                >
                  <span
                    aria-hidden={true}
                    className="mui-15yxmxx"
                  >
                    <span
                      className="mui-1w3kvnb"
                      data-text="Name"
                      tabIndex={-1}
                    >
                      Name
                    </span>
                    <svg
                      aria-hidden={true}
                      className="MuiSvgIcon-root MuiSvgIcon-fontSizeInherit mui-18chwvk-MuiSvgIcon-root"
                      data-testid="KeyboardArrowUpIcon"
                      focusable="false"
                      viewBox="0 0 24 24"
                    >
                      <path
                        d="M7.41 15.41 12 10.83l4.59 4.58L18 14l-6-6-6 6z"
                      />
                    </svg>
                  </span>
                  <span
                    className="mui-y8b3t8"
                  >
                    <span
                      tabIndex={-1}
                    >
                      <span>
                        Name
                      </span>
                    </span>
                    <svg
                      aria-hidden={true}
                      className="MuiSvgIcon-root MuiSvgIcon-fontSizeInherit sort-arrow mui-18chwvk-MuiSvgIcon-root"
                      data-testid="KeyboardArrowUpIcon"
                      focusable="false"
                      viewBox="0 0 24 24"
                    >
                      <path
                        d="M7.41 15.41 12 10.83l4.59 4.58L18 14l-6-6-6 6z"
                      />
                    </svg>
                  </span>
                </button>
              </th>
              <th
                className="MuiTableCell-root MuiTableCell-head MuiTableCell-sizeMedium mui-1jpcb9q-MuiTableCell-root"
                scope="col"
                style={
                  {
                    "maxWidth": 9007199254740991,
                    "minWidth": 0,
                    "width": 150,
                  }
                }
              >
                <div
                  style={
                    {
                      "justifyContent": "center",
                      "textAlign": "center",
                    }
                  }
                >
                  Actions
                </div>
              </th>
            </tr>
          </thead>
          <tbody
            className="MuiTableBody-root mui-apqrd9-MuiTableBody-root"
            role="rowgroup"
          >
            <tr
              className="MuiTableRow-root MuiTableRow-hover mui-15lapfi-MuiTableRow-root"
              role="row"
            >
              <td
                aria-sort={null}
                className="MuiTableCell-root MuiTableCell-body MuiTableCell-sizeMedium mui-jvmadm-MuiTableCell-root"
                role="cell"
              >
                <div
                  className="MuiBox-root mui-7n01ps"
                  data-loading={true}
                >
                  <svg
                    aria-hidden={true}
                    className="MuiSvgIcon-root MuiSvgIcon-colorDisabled MuiSvgIcon-fontSizeMedium mui-1011y64-MuiSvgIcon-root"
                    data-testid="LabelIcon"
                    focusable="false"
                    viewBox="0 0 24 24"
                  >
                    <path
                      d="M17.63 5.84C17.27 5.33 16.67 5 16 5L5 5.01C3.9 5.01 3 5.9 3 7v10c0 1.1.9 1.99 2 1.99L16 19c.67 0 1.27-.33 1.63-.84L22 12l-4.37-6.16z"
                    />
                  </svg>
                </div>
              </td>
              <td
                aria-sort={null}
                className="MuiTableCell-root MuiTableCell-body MuiTableCell-sizeMedium mui-jvmadm-MuiTableCell-root"
                role="cell"
              >
                <div
                  className="MuiBox-root mui-70qvj9"
                >
                  <div
                    className="mui-1prhjm6"
                  >
                    <div
                      className="mui-u8cmsa"
                    >
                      <span
                        aria-label=""
                        aria-labelledby={null}
                        className=" MuiBox-root mui-gzore8"
                        data-loading={true}
                        data-mui-internal-clone-element={true}
                        onBlur={[Function]}
                        onFocus={[Function]}
                        onMouseLeave={[Function]}
                        onMouseOver={[Function]}
                        onTouchEnd={[Function]}
                        onTouchStart={[Function]}
                      >
                        <span>
                          Tag type name
                        </span>
                      </span>
                      <span
                        className="mui-1ui83sq"
                        data-loading={true}
                      >
                        Tag type description when loading
                      </span>
                    </div>
                  </div>
                </div>
              </td>
              <td
                aria-sort={null}
                className="MuiTableCell-root MuiTableCell-body MuiTableCell-sizeMedium mui-jvmadm-MuiTableCell-root"
                role="cell"
              >
                <div
                  className="MuiBox-root mui-1bvc4cc"
                  data-loading={true}
                >
                  <div
                    aria-label="Edit tag type"
                    aria-labelledby={null}
                    className=""
                    data-mui-internal-clone-element={true}
                    id="useId-1"
                    onBlur={[Function]}
                    onClick={[Function]}
                    onFocus={[Function]}
                    onMouseLeave={[Function]}
                    onMouseOver={[Function]}
                    onTouchEnd={[Function]}
                    onTouchStart={[Function]}
                  >
                    <button
                      aria-labelledby="useId-1"
                      className="MuiButtonBase-root MuiIconButton-root MuiIconButton-sizeLarge mui-1c5tps-MuiButtonBase-root-MuiIconButton-root"
                      disabled={false}
                      onBlur={[Function]}
                      onClick={[Function]}
                      onContextMenu={[Function]}
                      onDragLeave={[Function]}
                      onFocus={[Function]}
                      onKeyDown={[Function]}
                      onKeyUp={[Function]}
                      onMouseDown={[Function]}
                      onMouseLeave={[Function]}
                      onMouseUp={[Function]}
                      onTouchEnd={[Function]}
                      onTouchMove={[Function]}
                      onTouchStart={[Function]}
                      tabIndex={0}
                      type="button"
                    >
                      <svg
                        aria-hidden={true}
                        className="MuiSvgIcon-root MuiSvgIcon-fontSizeMedium mui-i4bv87-MuiSvgIcon-root"
                        data-testid="EditIcon"
                        focusable="false"
                        viewBox="0 0 24 24"
                      >
                        <path
                          d="M3 17.25V21h3.75L17.81 9.94l-3.75-3.75L3 17.25zM20.71 7.04c.39-.39.39-1.02 0-1.41l-2.34-2.34a.9959.9959 0 0 0-1.41 0l-1.83 1.83 3.75 3.75 1.83-1.83z"
                        />
                      </svg>
                      <span
                        className="MuiTouchRipple-root mui-8je8zh-MuiTouchRipple-root"
                      />
                    </button>
                  </div>
                  <div
                    aria-label="Delete tag type"
                    aria-labelledby={null}
                    className=""
                    data-mui-internal-clone-element={true}
                    id="useId-2"
                    onBlur={[Function]}
                    onClick={[Function]}
                    onFocus={[Function]}
                    onMouseLeave={[Function]}
                    onMouseOver={[Function]}
                    onTouchEnd={[Function]}
                    onTouchStart={[Function]}
                  >
                    <button
                      aria-labelledby="useId-2"
                      className="MuiButtonBase-root MuiIconButton-root MuiIconButton-sizeLarge mui-1c5tps-MuiButtonBase-root-MuiIconButton-root"
                      disabled={false}
                      onBlur={[Function]}
                      onClick={[Function]}
                      onContextMenu={[Function]}
                      onDragLeave={[Function]}
                      onFocus={[Function]}
                      onKeyDown={[Function]}
                      onKeyUp={[Function]}
                      onMouseDown={[Function]}
                      onMouseLeave={[Function]}
                      onMouseUp={[Function]}
                      onTouchEnd={[Function]}
                      onTouchMove={[Function]}
                      onTouchStart={[Function]}
                      tabIndex={0}
                      type="button"
                    >
                      <svg
                        aria-hidden={true}
                        className="MuiSvgIcon-root MuiSvgIcon-fontSizeMedium mui-i4bv87-MuiSvgIcon-root"
                        data-testid="DeleteIcon"
                        focusable="false"
                        viewBox="0 0 24 24"
                      >
                        <path
                          d="M6 19c0 1.1.9 2 2 2h8c1.1 0 2-.9 2-2V7H6v12zM19 4h-3.5l-1-1h-5l-1 1H5v2h14V4z"
                        />
                      </svg>
                      <span
                        className="MuiTouchRipple-root mui-8je8zh-MuiTouchRipple-root"
                      />
                    </button>
                  </div>
                </div>
              </td>
            </tr>
            <tr
              className="MuiTableRow-root MuiTableRow-hover mui-15lapfi-MuiTableRow-root"
              role="row"
            >
              <td
                aria-sort={null}
                className="MuiTableCell-root MuiTableCell-body MuiTableCell-sizeMedium mui-jvmadm-MuiTableCell-root"
                role="cell"
              >
                <div
                  className="MuiBox-root mui-7n01ps"
                  data-loading={true}
                >
                  <svg
                    aria-hidden={true}
                    className="MuiSvgIcon-root MuiSvgIcon-colorDisabled MuiSvgIcon-fontSizeMedium mui-1011y64-MuiSvgIcon-root"
                    data-testid="LabelIcon"
                    focusable="false"
                    viewBox="0 0 24 24"
                  >
                    <path
                      d="M17.63 5.84C17.27 5.33 16.67 5 16 5L5 5.01C3.9 5.01 3 5.9 3 7v10c0 1.1.9 1.99 2 1.99L16 19c.67 0 1.27-.33 1.63-.84L22 12l-4.37-6.16z"
                    />
                  </svg>
                </div>
              </td>
              <td
                aria-sort={null}
                className="MuiTableCell-root MuiTableCell-body MuiTableCell-sizeMedium mui-jvmadm-MuiTableCell-root"
                role="cell"
              >
                <div
                  className="MuiBox-root mui-70qvj9"
                >
                  <div
                    className="mui-1prhjm6"
                  >
                    <div
                      className="mui-u8cmsa"
                    >
                      <span
                        aria-label=""
                        aria-labelledby={null}
                        className=" MuiBox-root mui-gzore8"
                        data-loading={true}
                        data-mui-internal-clone-element={true}
                        onBlur={[Function]}
                        onFocus={[Function]}
                        onMouseLeave={[Function]}
                        onMouseOver={[Function]}
                        onTouchEnd={[Function]}
                        onTouchStart={[Function]}
                      >
                        <span>
                          Tag type name
                        </span>
                      </span>
                      <span
                        className="mui-1ui83sq"
                        data-loading={true}
                      >
                        Tag type description when loading
                      </span>
                    </div>
                  </div>
                </div>
              </td>
              <td
                aria-sort={null}
                className="MuiTableCell-root MuiTableCell-body MuiTableCell-sizeMedium mui-jvmadm-MuiTableCell-root"
                role="cell"
              >
                <div
                  className="MuiBox-root mui-1bvc4cc"
                  data-loading={true}
                >
                  <div
                    aria-label="Edit tag type"
                    aria-labelledby={null}
                    className=""
                    data-mui-internal-clone-element={true}
                    id="useId-3"
                    onBlur={[Function]}
                    onClick={[Function]}
                    onFocus={[Function]}
                    onMouseLeave={[Function]}
                    onMouseOver={[Function]}
                    onTouchEnd={[Function]}
                    onTouchStart={[Function]}
                  >
                    <button
                      aria-labelledby="useId-3"
                      className="MuiButtonBase-root MuiIconButton-root MuiIconButton-sizeLarge mui-1c5tps-MuiButtonBase-root-MuiIconButton-root"
                      disabled={false}
                      onBlur={[Function]}
                      onClick={[Function]}
                      onContextMenu={[Function]}
                      onDragLeave={[Function]}
                      onFocus={[Function]}
                      onKeyDown={[Function]}
                      onKeyUp={[Function]}
                      onMouseDown={[Function]}
                      onMouseLeave={[Function]}
                      onMouseUp={[Function]}
                      onTouchEnd={[Function]}
                      onTouchMove={[Function]}
                      onTouchStart={[Function]}
                      tabIndex={0}
                      type="button"
                    >
                      <svg
                        aria-hidden={true}
                        className="MuiSvgIcon-root MuiSvgIcon-fontSizeMedium mui-i4bv87-MuiSvgIcon-root"
                        data-testid="EditIcon"
                        focusable="false"
                        viewBox="0 0 24 24"
                      >
                        <path
                          d="M3 17.25V21h3.75L17.81 9.94l-3.75-3.75L3 17.25zM20.71 7.04c.39-.39.39-1.02 0-1.41l-2.34-2.34a.9959.9959 0 0 0-1.41 0l-1.83 1.83 3.75 3.75 1.83-1.83z"
                        />
                      </svg>
                      <span
                        className="MuiTouchRipple-root mui-8je8zh-MuiTouchRipple-root"
                      />
                    </button>
                  </div>
                  <div
                    aria-label="Delete tag type"
                    aria-labelledby={null}
                    className=""
                    data-mui-internal-clone-element={true}
                    id="useId-4"
                    onBlur={[Function]}
                    onClick={[Function]}
                    onFocus={[Function]}
                    onMouseLeave={[Function]}
                    onMouseOver={[Function]}
                    onTouchEnd={[Function]}
                    onTouchStart={[Function]}
                  >
                    <button
                      aria-labelledby="useId-4"
                      className="MuiButtonBase-root MuiIconButton-root MuiIconButton-sizeLarge mui-1c5tps-MuiButtonBase-root-MuiIconButton-root"
                      disabled={false}
                      onBlur={[Function]}
                      onClick={[Function]}
                      onContextMenu={[Function]}
                      onDragLeave={[Function]}
                      onFocus={[Function]}
                      onKeyDown={[Function]}
                      onKeyUp={[Function]}
                      onMouseDown={[Function]}
                      onMouseLeave={[Function]}
                      onMouseUp={[Function]}
                      onTouchEnd={[Function]}
                      onTouchMove={[Function]}
                      onTouchStart={[Function]}
                      tabIndex={0}
                      type="button"
                    >
                      <svg
                        aria-hidden={true}
                        className="MuiSvgIcon-root MuiSvgIcon-fontSizeMedium mui-i4bv87-MuiSvgIcon-root"
                        data-testid="DeleteIcon"
                        focusable="false"
                        viewBox="0 0 24 24"
                      >
                        <path
                          d="M6 19c0 1.1.9 2 2 2h8c1.1 0 2-.9 2-2V7H6v12zM19 4h-3.5l-1-1h-5l-1 1H5v2h14V4z"
                        />
                      </svg>
                      <span
                        className="MuiTouchRipple-root mui-8je8zh-MuiTouchRipple-root"
                      />
                    </button>
                  </div>
                </div>
              </td>
            </tr>
            <tr
              className="MuiTableRow-root MuiTableRow-hover mui-15lapfi-MuiTableRow-root"
              role="row"
            >
              <td
                aria-sort={null}
                className="MuiTableCell-root MuiTableCell-body MuiTableCell-sizeMedium mui-jvmadm-MuiTableCell-root"
                role="cell"
              >
                <div
                  className="MuiBox-root mui-7n01ps"
                  data-loading={true}
                >
                  <svg
                    aria-hidden={true}
                    className="MuiSvgIcon-root MuiSvgIcon-colorDisabled MuiSvgIcon-fontSizeMedium mui-1011y64-MuiSvgIcon-root"
                    data-testid="LabelIcon"
                    focusable="false"
                    viewBox="0 0 24 24"
                  >
                    <path
                      d="M17.63 5.84C17.27 5.33 16.67 5 16 5L5 5.01C3.9 5.01 3 5.9 3 7v10c0 1.1.9 1.99 2 1.99L16 19c.67 0 1.27-.33 1.63-.84L22 12l-4.37-6.16z"
                    />
                  </svg>
                </div>
              </td>
              <td
                aria-sort={null}
                className="MuiTableCell-root MuiTableCell-body MuiTableCell-sizeMedium mui-jvmadm-MuiTableCell-root"
                role="cell"
              >
                <div
                  className="MuiBox-root mui-70qvj9"
                >
                  <div
                    className="mui-1prhjm6"
                  >
                    <div
                      className="mui-u8cmsa"
                    >
                      <span
                        aria-label=""
                        aria-labelledby={null}
                        className=" MuiBox-root mui-gzore8"
                        data-loading={true}
                        data-mui-internal-clone-element={true}
                        onBlur={[Function]}
                        onFocus={[Function]}
                        onMouseLeave={[Function]}
                        onMouseOver={[Function]}
                        onTouchEnd={[Function]}
                        onTouchStart={[Function]}
                      >
                        <span>
                          Tag type name
                        </span>
                      </span>
                      <span
                        className="mui-1ui83sq"
                        data-loading={true}
                      >
                        Tag type description when loading
                      </span>
                    </div>
                  </div>
                </div>
              </td>
              <td
                aria-sort={null}
                className="MuiTableCell-root MuiTableCell-body MuiTableCell-sizeMedium mui-jvmadm-MuiTableCell-root"
                role="cell"
              >
                <div
                  className="MuiBox-root mui-1bvc4cc"
                  data-loading={true}
                >
                  <div
                    aria-label="Edit tag type"
                    aria-labelledby={null}
                    className=""
                    data-mui-internal-clone-element={true}
                    id="useId-5"
                    onBlur={[Function]}
                    onClick={[Function]}
                    onFocus={[Function]}
                    onMouseLeave={[Function]}
                    onMouseOver={[Function]}
                    onTouchEnd={[Function]}
                    onTouchStart={[Function]}
                  >
                    <button
                      aria-labelledby="useId-5"
                      className="MuiButtonBase-root MuiIconButton-root MuiIconButton-sizeLarge mui-1c5tps-MuiButtonBase-root-MuiIconButton-root"
                      disabled={false}
                      onBlur={[Function]}
                      onClick={[Function]}
                      onContextMenu={[Function]}
                      onDragLeave={[Function]}
                      onFocus={[Function]}
                      onKeyDown={[Function]}
                      onKeyUp={[Function]}
                      onMouseDown={[Function]}
                      onMouseLeave={[Function]}
                      onMouseUp={[Function]}
                      onTouchEnd={[Function]}
                      onTouchMove={[Function]}
                      onTouchStart={[Function]}
                      tabIndex={0}
                      type="button"
                    >
                      <svg
                        aria-hidden={true}
                        className="MuiSvgIcon-root MuiSvgIcon-fontSizeMedium mui-i4bv87-MuiSvgIcon-root"
                        data-testid="EditIcon"
                        focusable="false"
                        viewBox="0 0 24 24"
                      >
                        <path
                          d="M3 17.25V21h3.75L17.81 9.94l-3.75-3.75L3 17.25zM20.71 7.04c.39-.39.39-1.02 0-1.41l-2.34-2.34a.9959.9959 0 0 0-1.41 0l-1.83 1.83 3.75 3.75 1.83-1.83z"
                        />
                      </svg>
                      <span
                        className="MuiTouchRipple-root mui-8je8zh-MuiTouchRipple-root"
                      />
                    </button>
                  </div>
                  <div
                    aria-label="Delete tag type"
                    aria-labelledby={null}
                    className=""
                    data-mui-internal-clone-element={true}
                    id="useId-6"
                    onBlur={[Function]}
                    onClick={[Function]}
                    onFocus={[Function]}
                    onMouseLeave={[Function]}
                    onMouseOver={[Function]}
                    onTouchEnd={[Function]}
                    onTouchStart={[Function]}
                  >
                    <button
                      aria-labelledby="useId-6"
                      className="MuiButtonBase-root MuiIconButton-root MuiIconButton-sizeLarge mui-1c5tps-MuiButtonBase-root-MuiIconButton-root"
                      disabled={false}
                      onBlur={[Function]}
                      onClick={[Function]}
                      onContextMenu={[Function]}
                      onDragLeave={[Function]}
                      onFocus={[Function]}
                      onKeyDown={[Function]}
                      onKeyUp={[Function]}
                      onMouseDown={[Function]}
                      onMouseLeave={[Function]}
                      onMouseUp={[Function]}
                      onTouchEnd={[Function]}
                      onTouchMove={[Function]}
                      onTouchStart={[Function]}
                      tabIndex={0}
                      type="button"
                    >
                      <svg
                        aria-hidden={true}
                        className="MuiSvgIcon-root MuiSvgIcon-fontSizeMedium mui-i4bv87-MuiSvgIcon-root"
                        data-testid="DeleteIcon"
                        focusable="false"
                        viewBox="0 0 24 24"
                      >
                        <path
                          d="M6 19c0 1.1.9 2 2 2h8c1.1 0 2-.9 2-2V7H6v12zM19 4h-3.5l-1-1h-5l-1 1H5v2h14V4z"
                        />
                      </svg>
                      <span
                        className="MuiTouchRipple-root mui-8je8zh-MuiTouchRipple-root"
                      />
                    </button>
                  </div>
                </div>
              </td>
            </tr>
            <tr
              className="MuiTableRow-root MuiTableRow-hover mui-15lapfi-MuiTableRow-root"
              role="row"
            >
              <td
                aria-sort={null}
                className="MuiTableCell-root MuiTableCell-body MuiTableCell-sizeMedium mui-jvmadm-MuiTableCell-root"
                role="cell"
              >
                <div
                  className="MuiBox-root mui-7n01ps"
                  data-loading={true}
                >
                  <svg
                    aria-hidden={true}
                    className="MuiSvgIcon-root MuiSvgIcon-colorDisabled MuiSvgIcon-fontSizeMedium mui-1011y64-MuiSvgIcon-root"
                    data-testid="LabelIcon"
                    focusable="false"
                    viewBox="0 0 24 24"
                  >
                    <path
                      d="M17.63 5.84C17.27 5.33 16.67 5 16 5L5 5.01C3.9 5.01 3 5.9 3 7v10c0 1.1.9 1.99 2 1.99L16 19c.67 0 1.27-.33 1.63-.84L22 12l-4.37-6.16z"
                    />
                  </svg>
                </div>
              </td>
              <td
                aria-sort={null}
                className="MuiTableCell-root MuiTableCell-body MuiTableCell-sizeMedium mui-jvmadm-MuiTableCell-root"
                role="cell"
              >
                <div
                  className="MuiBox-root mui-70qvj9"
                >
                  <div
                    className="mui-1prhjm6"
                  >
                    <div
                      className="mui-u8cmsa"
                    >
                      <span
                        aria-label=""
                        aria-labelledby={null}
                        className=" MuiBox-root mui-gzore8"
                        data-loading={true}
                        data-mui-internal-clone-element={true}
                        onBlur={[Function]}
                        onFocus={[Function]}
                        onMouseLeave={[Function]}
                        onMouseOver={[Function]}
                        onTouchEnd={[Function]}
                        onTouchStart={[Function]}
                      >
                        <span>
                          Tag type name
                        </span>
                      </span>
                      <span
                        className="mui-1ui83sq"
                        data-loading={true}
                      >
                        Tag type description when loading
                      </span>
                    </div>
                  </div>
                </div>
              </td>
              <td
                aria-sort={null}
                className="MuiTableCell-root MuiTableCell-body MuiTableCell-sizeMedium mui-jvmadm-MuiTableCell-root"
                role="cell"
              >
                <div
                  className="MuiBox-root mui-1bvc4cc"
                  data-loading={true}
                >
                  <div
                    aria-label="Edit tag type"
                    aria-labelledby={null}
                    className=""
                    data-mui-internal-clone-element={true}
                    id="useId-7"
                    onBlur={[Function]}
                    onClick={[Function]}
                    onFocus={[Function]}
                    onMouseLeave={[Function]}
                    onMouseOver={[Function]}
                    onTouchEnd={[Function]}
                    onTouchStart={[Function]}
                  >
                    <button
                      aria-labelledby="useId-7"
                      className="MuiButtonBase-root MuiIconButton-root MuiIconButton-sizeLarge mui-1c5tps-MuiButtonBase-root-MuiIconButton-root"
                      disabled={false}
                      onBlur={[Function]}
                      onClick={[Function]}
                      onContextMenu={[Function]}
                      onDragLeave={[Function]}
                      onFocus={[Function]}
                      onKeyDown={[Function]}
                      onKeyUp={[Function]}
                      onMouseDown={[Function]}
                      onMouseLeave={[Function]}
                      onMouseUp={[Function]}
                      onTouchEnd={[Function]}
                      onTouchMove={[Function]}
                      onTouchStart={[Function]}
                      tabIndex={0}
                      type="button"
                    >
                      <svg
                        aria-hidden={true}
                        className="MuiSvgIcon-root MuiSvgIcon-fontSizeMedium mui-i4bv87-MuiSvgIcon-root"
                        data-testid="EditIcon"
                        focusable="false"
                        viewBox="0 0 24 24"
                      >
                        <path
                          d="M3 17.25V21h3.75L17.81 9.94l-3.75-3.75L3 17.25zM20.71 7.04c.39-.39.39-1.02 0-1.41l-2.34-2.34a.9959.9959 0 0 0-1.41 0l-1.83 1.83 3.75 3.75 1.83-1.83z"
                        />
                      </svg>
                      <span
                        className="MuiTouchRipple-root mui-8je8zh-MuiTouchRipple-root"
                      />
                    </button>
                  </div>
                  <div
                    aria-label="Delete tag type"
                    aria-labelledby={null}
                    className=""
                    data-mui-internal-clone-element={true}
                    id="useId-8"
                    onBlur={[Function]}
                    onClick={[Function]}
                    onFocus={[Function]}
                    onMouseLeave={[Function]}
                    onMouseOver={[Function]}
                    onTouchEnd={[Function]}
                    onTouchStart={[Function]}
                  >
                    <button
                      aria-labelledby="useId-8"
                      className="MuiButtonBase-root MuiIconButton-root MuiIconButton-sizeLarge mui-1c5tps-MuiButtonBase-root-MuiIconButton-root"
                      disabled={false}
                      onBlur={[Function]}
                      onClick={[Function]}
                      onContextMenu={[Function]}
                      onDragLeave={[Function]}
                      onFocus={[Function]}
                      onKeyDown={[Function]}
                      onKeyUp={[Function]}
                      onMouseDown={[Function]}
                      onMouseLeave={[Function]}
                      onMouseUp={[Function]}
                      onTouchEnd={[Function]}
                      onTouchMove={[Function]}
                      onTouchStart={[Function]}
                      tabIndex={0}
                      type="button"
                    >
                      <svg
                        aria-hidden={true}
                        className="MuiSvgIcon-root MuiSvgIcon-fontSizeMedium mui-i4bv87-MuiSvgIcon-root"
                        data-testid="DeleteIcon"
                        focusable="false"
                        viewBox="0 0 24 24"
                      >
                        <path
                          d="M6 19c0 1.1.9 2 2 2h8c1.1 0 2-.9 2-2V7H6v12zM19 4h-3.5l-1-1h-5l-1 1H5v2h14V4z"
                        />
                      </svg>
                      <span
                        className="MuiTouchRipple-root mui-8je8zh-MuiTouchRipple-root"
                      />
                    </button>
                  </div>
                </div>
              </td>
            </tr>
            <tr
              className="MuiTableRow-root MuiTableRow-hover mui-15lapfi-MuiTableRow-root"
              role="row"
            >
              <td
                aria-sort={null}
                className="MuiTableCell-root MuiTableCell-body MuiTableCell-sizeMedium mui-jvmadm-MuiTableCell-root"
                role="cell"
              >
                <div
                  className="MuiBox-root mui-7n01ps"
                  data-loading={true}
                >
                  <svg
                    aria-hidden={true}
                    className="MuiSvgIcon-root MuiSvgIcon-colorDisabled MuiSvgIcon-fontSizeMedium mui-1011y64-MuiSvgIcon-root"
                    data-testid="LabelIcon"
                    focusable="false"
                    viewBox="0 0 24 24"
                  >
                    <path
                      d="M17.63 5.84C17.27 5.33 16.67 5 16 5L5 5.01C3.9 5.01 3 5.9 3 7v10c0 1.1.9 1.99 2 1.99L16 19c.67 0 1.27-.33 1.63-.84L22 12l-4.37-6.16z"
                    />
                  </svg>
                </div>
              </td>
              <td
                aria-sort={null}
                className="MuiTableCell-root MuiTableCell-body MuiTableCell-sizeMedium mui-jvmadm-MuiTableCell-root"
                role="cell"
              >
                <div
                  className="MuiBox-root mui-70qvj9"
                >
                  <div
                    className="mui-1prhjm6"
                  >
                    <div
                      className="mui-u8cmsa"
                    >
                      <span
                        aria-label=""
                        aria-labelledby={null}
                        className=" MuiBox-root mui-gzore8"
                        data-loading={true}
                        data-mui-internal-clone-element={true}
                        onBlur={[Function]}
                        onFocus={[Function]}
                        onMouseLeave={[Function]}
                        onMouseOver={[Function]}
                        onTouchEnd={[Function]}
                        onTouchStart={[Function]}
                      >
                        <span>
                          Tag type name
                        </span>
                      </span>
                      <span
                        className="mui-1ui83sq"
                        data-loading={true}
                      >
                        Tag type description when loading
                      </span>
                    </div>
                  </div>
                </div>
              </td>
              <td
                aria-sort={null}
                className="MuiTableCell-root MuiTableCell-body MuiTableCell-sizeMedium mui-jvmadm-MuiTableCell-root"
                role="cell"
              >
                <div
                  className="MuiBox-root mui-1bvc4cc"
                  data-loading={true}
                >
                  <div
                    aria-label="Edit tag type"
                    aria-labelledby={null}
                    className=""
                    data-mui-internal-clone-element={true}
                    id="useId-9"
                    onBlur={[Function]}
                    onClick={[Function]}
                    onFocus={[Function]}
                    onMouseLeave={[Function]}
                    onMouseOver={[Function]}
                    onTouchEnd={[Function]}
                    onTouchStart={[Function]}
                  >
                    <button
                      aria-labelledby="useId-9"
                      className="MuiButtonBase-root MuiIconButton-root MuiIconButton-sizeLarge mui-1c5tps-MuiButtonBase-root-MuiIconButton-root"
                      disabled={false}
                      onBlur={[Function]}
                      onClick={[Function]}
                      onContextMenu={[Function]}
                      onDragLeave={[Function]}
                      onFocus={[Function]}
                      onKeyDown={[Function]}
                      onKeyUp={[Function]}
                      onMouseDown={[Function]}
                      onMouseLeave={[Function]}
                      onMouseUp={[Function]}
                      onTouchEnd={[Function]}
                      onTouchMove={[Function]}
                      onTouchStart={[Function]}
                      tabIndex={0}
                      type="button"
                    >
                      <svg
                        aria-hidden={true}
                        className="MuiSvgIcon-root MuiSvgIcon-fontSizeMedium mui-i4bv87-MuiSvgIcon-root"
                        data-testid="EditIcon"
                        focusable="false"
                        viewBox="0 0 24 24"
                      >
                        <path
                          d="M3 17.25V21h3.75L17.81 9.94l-3.75-3.75L3 17.25zM20.71 7.04c.39-.39.39-1.02 0-1.41l-2.34-2.34a.9959.9959 0 0 0-1.41 0l-1.83 1.83 3.75 3.75 1.83-1.83z"
                        />
                      </svg>
                      <span
                        className="MuiTouchRipple-root mui-8je8zh-MuiTouchRipple-root"
                      />
                    </button>
                  </div>
                  <div
                    aria-label="Delete tag type"
                    aria-labelledby={null}
                    className=""
                    data-mui-internal-clone-element={true}
                    id="useId-10"
                    onBlur={[Function]}
                    onClick={[Function]}
                    onFocus={[Function]}
                    onMouseLeave={[Function]}
                    onMouseOver={[Function]}
                    onTouchEnd={[Function]}
                    onTouchStart={[Function]}
                  >
                    <button
                      aria-labelledby="useId-10"
                      className="MuiButtonBase-root MuiIconButton-root MuiIconButton-sizeLarge mui-1c5tps-MuiButtonBase-root-MuiIconButton-root"
                      disabled={false}
                      onBlur={[Function]}
                      onClick={[Function]}
                      onContextMenu={[Function]}
                      onDragLeave={[Function]}
                      onFocus={[Function]}
                      onKeyDown={[Function]}
                      onKeyUp={[Function]}
                      onMouseDown={[Function]}
                      onMouseLeave={[Function]}
                      onMouseUp={[Function]}
                      onTouchEnd={[Function]}
                      onTouchMove={[Function]}
                      onTouchStart={[Function]}
                      tabIndex={0}
                      type="button"
                    >
                      <svg
                        aria-hidden={true}
                        className="MuiSvgIcon-root MuiSvgIcon-fontSizeMedium mui-i4bv87-MuiSvgIcon-root"
                        data-testid="DeleteIcon"
                        focusable="false"
                        viewBox="0 0 24 24"
                      >
                        <path
                          d="M6 19c0 1.1.9 2 2 2h8c1.1 0 2-.9 2-2V7H6v12zM19 4h-3.5l-1-1h-5l-1 1H5v2h14V4z"
                        />
                      </svg>
                      <span
                        className="MuiTouchRipple-root mui-8je8zh-MuiTouchRipple-root"
                      />
                    </button>
                  </div>
                </div>
              </td>
            </tr>
          </tbody>
        </table>
      </div>
    </div>
  </div>,
  <div
    aria-atomic={true}
    aria-live="polite"
    className="mui-gqbqkz"
    data-testid="ANNOUNCER_ELEMENT_TEST_ID"
    role="status"
  >
    Navigated to Tag types (5)
  </div>,
]
`;
