// Vitest Snapshot v1, https://vitest.dev/guide/snapshot.html

exports[`returns all baseRoutes 1`] = `
[
  {
    "component": [Function],
    "isStandalone": true,
    "menu": {},
    "path": "/splash/:splashId",
    "title": "Unleash",
    "type": "protected",
  },
  {
    "component": [Function],
    "menu": {
      "primary": true,
    },
    "path": "/personal",
    "title": "Dashboard",
    "type": "protected",
  },
  {
    "component": {
      "$$typeof": Symbol(react.lazy),
      "_init": [Function],
      "_payload": {
        "_result": [Function],
        "_status": -1,
      },
    },
    "enterprise": true,
    "menu": {},
    "parent": "/projects",
    "path": "/projects/create",
    "title": "Create",
    "type": "protected",
  },
  {
    "component": [Function],
    "menu": {},
    "parent": "/projects/:projectId/features/:featureId/",
    "path": "/projects/:projectId/features/:featureId/copy",
    "title": "Copy",
    "type": "protected",
  },
  {
    "component": [Function],
    "menu": {},
    "parent": "/projects",
    "path": "/projects/:projectId/features/:featureId/edit",
    "title": "Edit feature",
    "type": "protected",
  },
  {
    "component": {
      "$$typeof": Symbol(react.lazy),
      "_init": [Function],
      "_payload": {
        "_result": [Function],
        "_status": -1,
      },
    },
    "menu": {},
    "parent": "/projects",
    "path": "/projects/:projectId/features/:featureId/*",
    "title": "FeatureView",
    "type": "protected",
  },
  {
    "component": {
      "$$typeof": Symbol(react.lazy),
      "_init": [Function],
      "_payload": {
        "_result": [Function],
        "_status": -1,
      },
    },
    "flag": "P",
    "menu": {},
    "parent": "/projects",
    "path": "/projects/:projectId/*",
    "title": ":projectId",
    "type": "protected",
  },
  {
    "component": [Function],
    "menu": {
      "primary": true,
    },
    "path": "/projects",
    "title": "Projects",
    "type": "protected",
  },
  {
    "component": [Function],
    "enterprise": true,
    "menu": {},
    "path": "/projects-archive",
    "title": "Projects archive",
    "type": "protected",
  },
  {
    "component": [Function],
    "menu": {
      "primary": true,
    },
    "path": "/search",
    "title": "Flags overview",
    "type": "protected",
  },
  {
    "component": [Function],
    "enterprise": true,
    "flag": "globalChangeRequestList",
    "menu": {
      "primary": true,
    },
    "path": "/change-requests",
    "title": "Change Requests",
    "type": "protected",
  },
  {
    "component": {
      "$$typeof": Symbol(react.lazy),
      "_init": [Function],
      "_payload": {
        "_result": [Function],
        "_status": -1,
      },
    },
    "hidden": false,
    "menu": {
      "primary": true,
    },
    "path": "/playground",
    "title": "Playground",
    "type": "protected",
  },
  {
    "component": [Function],
    "enterprise": true,
    "menu": {
      "primary": true,
    },
    "path": "/insights",
    "title": "Analytics",
    "type": "protected",
  },
  {
    "component": {
      "$$typeof": Symbol(react.lazy),
      "_init": [Function],
      "_payload": {
        "_result": [Function],
        "_status": -1,
      },
    },
    "enterprise": true,
    "flag": "impactMetrics",
    "menu": {
      "primary": true,
    },
    "path": "/impact-metrics",
    "title": "Impact metrics",
    "type": "protected",
  },
  {
    "component": [Function],
    "menu": {},
    "parent": "/applications",
    "path": "/applications/:name/*",
    "title": ":name",
    "type": "protected",
  },
  {
    "component": [Function],
    "menu": {
      "main": true,
    },
    "path": "/applications",
    "title": "Applications",
    "type": "protected",
  },
  {
    "component": [Function],
    "flag": "customMetrics",
    "menu": {
      "main": true,
    },
    "path": "/custom-metrics",
    "title": "Custom metrics",
    "type": "protected",
  },
  {
    "component": [Function],
    "menu": {},
    "parent": "/context",
    "path": "/context/create",
    "title": "Create",
    "type": "protected",
  },
  {
    "component": [Function],
    "menu": {},
    "parent": "/context",
    "path": "/context/edit/:name",
    "title": ":name",
    "type": "protected",
  },
  {
    "component": [Function],
    "menu": {
      "main": true,
    },
    "path": "/context",
    "title": "Context fields",
    "type": "protected",
  },
  {
    "component": [Function],
    "menu": {
      "main": true,
    },
    "path": "/feature-toggle-type/*",
    "title": "Feature flag types",
    "type": "protected",
  },
  {
    "component": [Function],
    "menu": {},
    "parent": "/strategies",
    "path": "/strategies/create",
    "title": "Create",
    "type": "protected",
  },
  {
    "component": [Function],
    "menu": {},
    "parent": "/strategies",
    "path": "/strategies/:name/edit",
    "title": ":name",
    "type": "protected",
  },
  {
    "component": [Function],
    "menu": {},
    "parent": "/strategies",
    "path": "/strategies/:name",
    "title": ":name",
    "type": "protected",
  },
  {
    "component": [Function],
    "menu": {
      "main": true,
    },
    "path": "/strategies",
    "title": "Strategy types",
    "type": "protected",
  },
  {
    "component": [Function],
    "menu": {},
    "parent": "/environments",
    "path": "/environments/create",
    "title": "Environments",
    "type": "protected",
  },
  {
    "component": [Function],
    "menu": {},
    "path": "/environments/:id",
    "title": "Edit",
    "type": "protected",
  },
  {
    "component": [Function],
    "enterprise": true,
    "menu": {
      "main": true,
    },
    "path": "/environments",
    "title": "Environments",
    "type": "protected",
  },
  {
    "component": [Function],
    "flag": "feedbackPosting",
    "menu": {},
    "path": "/feedback",
    "title": "Feedback",
    "type": "protected",
  },
  {
    "component": [Function],
    "menu": {
      "main": true,
      "mode": [
        "enterprise",
      ],
    },
    "path": "/release-templates",
    "title": "Release templates",
    "type": "protected",
  },
  {
    "component": [Function],
    "enterprise": true,
    "menu": {
      "mode": [
        "enterprise",
      ],
    },
    "parent": "/release-templates",
    "path": "/release-templates/create-template",
    "title": "Create release template",
    "type": "protected",
  },
  {
    "component": [Function],
    "enterprise": true,
    "menu": {
      "mode": [
        "enterprise",
      ],
    },
    "parent": "/release-templates",
    "path": "/release-templates/edit/:templateId",
    "title": "Edit release template",
    "type": "protected",
  },
  {
    "component": [Function],
    "menu": {},
    "parent": "/tag-types",
    "path": "/tag-types/create",
    "title": "Create",
    "type": "protected",
  },
  {
    "component": [Function],
    "menu": {},
    "parent": "/tag-types",
    "path": "/tag-types/edit/:name",
    "title": ":name",
    "type": "protected",
  },
  {
    "component": [Function],
    "menu": {
      "main": true,
    },
    "path": "/tag-types",
    "title": "Tag types",
    "type": "protected",
  },
  {
    "component": [Function],
    "menu": {},
    "parent": "/addons",
    "path": "/addons/create/:providerId",
    "title": "Create",
    "type": "protected",
  },
  {
    "component": [Function],
    "menu": {},
    "parent": "/addons",
    "path": "/addons/edit/:addonId",
    "title": "Edit",
    "type": "protected",
  },
  {
    "component": [Function],
    "hidden": false,
    "menu": {},
    "path": "/addons",
    "title": "Addons",
    "type": "protected",
  },
  {
    "component": [Function],
    "menu": {},
    "parent": "/integrations",
    "path": "/integrations/create/:providerId",
    "title": "Create",
    "type": "protected",
  },
  {
    "component": [Function],
    "menu": {},
    "parent": "/integrations",
    "path": "/integrations/view/:providerId",
    "title": "View",
    "type": "protected",
  },
  {
    "component": [Function],
    "menu": {},
    "parent": "/integrations",
    "path": "/integrations/edit/:addonId",
    "title": "Edit",
    "type": "protected",
  },
  {
    "component": [Function],
    "hidden": false,
    "menu": {
      "main": true,
    },
    "path": "/integrations",
    "title": "Integrations",
    "type": "protected",
  },
  {
    "component": [Function],
    "hidden": false,
    "layout": "main",
    "menu": {},
    "path": "/segments/create",
    "title": "Segments",
    "type": "protected",
  },
  {
    "component": [Function],
    "hidden": false,
    "layout": "main",
    "menu": {},
    "path": "/segments/edit/:segmentId",
    "title": "Segments",
    "type": "protected",
  },
  {
    "component": [Function],
    "hidden": false,
    "menu": {
      "main": true,
    },
    "path": "/segments",
    "title": "Segments",
    "type": "protected",
  },
  {
    "component": [Function],
    "menu": {
      "adminSettings": true,
    },
    "path": "/history",
    "title": "Event log",
    "type": "protected",
  },
  {
    "component": [Function],
    "menu": {
      "adminSettings": true,
    },
    "path": "/admin/logins",
    "title": "Login history",
    "type": "protected",
  },
  {
    "component": [Function],
    "menu": {},
    "path": "/archive",
    "title": "Archived flags",
    "type": "protected",
  },
  {
    "component": [Function],
    "menu": {},
    "path": "/unknown-flags",
    "title": "Unknown flags",
    "type": "protected",
  },
  {
    "component": {
      "$$typeof": Symbol(react.lazy),
      "_init": [Function],
      "_payload": {
        "_result": [Function],
        "_status": -1,
      },
    },
    "hidden": false,
    "menu": {},
    "path": "/admin/*",
    "title": "Admin",
    "type": "protected",
  },
  {
    "component": [Function],
    "menu": {},
    "path": "/profile/*",
    "title": "Profile",
    "type": "protected",
  },
]
`;
