// Jest Snapshot v1, https://goo.gl/fbAQLP

exports[`should create default config 1`] = `
{
  "accessControlMaxAge": 86400,
  "additionalCspAllowedDomains": {
    "connectSrc": [],
    "defaultSrc": [],
    "fontSrc": [],
    "frameSrc": [],
    "imgSrc": [],
    "mediaSrc": [],
    "objectSrc": [],
    "scriptSrc": [],
    "styleSrc": [],
  },
  "authentication": {
    "createAdminUser": true,
    "customAuthHandler": [Function],
    "demoAllowAdminLogin": false,
    "enableApiToken": true,
    "initApiTokens": [],
    "initialAdminUser": undefined,
    "type": "open-source",
  },
  "clientFeatureCaching": {
    "enabled": true,
    "maxAge": 3600000,
  },
  "dailyMetricsStorageDays": 31,
  "db": {
    "acquireConnectionTimeout": 30000,
    "applicationName": "unleash",
    "database": "unleash_db",
    "disableMigration": false,
    "driver": "postgres",
    "host": "localhost",
    "password": "password",
    "pool": {
      "idleTimeoutMillis": 30000,
      "max": 4,
      "min": 0,
      "propagateCreateError": false,
    },
    "port": 4242,
    "schema": "public",
    "ssl": {
      "rejectUnauthorized": false,
    },
    "user": "unleash",
    "version": undefined,
  },
  "disableScheduler": undefined,
  "email": {
    "host": undefined,
    "port": 587,
    "secure": false,
    "sender": "Unleash <noreply@getunleash.io>",
    "smtppass": undefined,
    "smtpuser": undefined,
  },
  "enableOAS": true,
  "enterpriseVersion": undefined,
  "environmentEnableOverrides": [],
  "eventBus": EventEmitter {
    "_events": {},
    "_eventsCount": 0,
    "_maxListeners": undefined,
    Symbol(shapeMode): false,
    Symbol(kCapture): false,
  },
  "feedbackUriPath": undefined,
  "flagResolver": FlagResolver {
    "experiments": {
      "addonUsageMetrics": false,
      "adminTokenKillSwitch": false,
      "anonymiseEventLog": false,
      "anonymizeProjectOwners": false,
      "archiveProjects": false,
      "automatedActions": false,
      "caseInsensitiveInOperators": false,
      "celebrateUnleash": false,
      "collectTrafficDataUsage": false,
      "demo": false,
      "disableBulkToggle": false,
      "disableMetrics": false,
      "disableNotifications": false,
      "disablePublishUnannouncedEvents": false,
      "disableShowContextFieldSelectionValues": false,
      "disableUpdateMaxRevisionId": false,
      "displayEdgeBanner": false,
      "displayTrafficDataUsage": false,
      "edgeBulkMetrics": false,
      "embedProxy": true,
      "embedProxyFrontend": true,
      "enableLegacyVariants": false,
      "enableLicense": false,
      "enableLicenseChecker": false,
      "encryptEmails": false,
      "estimateTrafficDataCost": false,
      "extendedMetrics": false,
      "extendedUsageMetrics": false,
      "featureSearchFeedback": {
        "enabled": false,
        "name": "withText",
        "payload": {
          "type": "json",
          "value": "",
        },
      },
      "featureSearchFeedbackPosting": false,
      "featuresExportImport": true,
      "feedbackComments": {
        "enabled": false,
        "name": "feedbackComments",
        "payload": {
          "type": "json",
          "value": "",
        },
      },
      "filterInvalidClientMetrics": false,
      "googleAuthEnabled": false,
      "killInsightsUI": false,
      "killScheduledChangeRequestCache": false,
      "maintenanceMode": false,
      "manyStrategiesPagination": false,
      "messageBanner": {
        "enabled": false,
        "name": "message-banner",
        "payload": {
          "type": "json",
          "value": "",
        },
      },
      "migrationLock": true,
      "navigationSidebar": true,
      "newEventSearch": false,
      "onboardingMetrics": false,
      "originMiddleware": false,
      "outdatedSdksBanner": false,
      "personalAccessTokensKillSwitch": false,
      "projectListImprovements": false,
      "projectOverviewRefactorFeedback": false,
      "queryMissingTokens": false,
      "removeUnsafeInlineStyleSrc": false,
      "responseTimeMetricsFix": false,
      "responseTimeWithAppNameKillSwitch": false,
      "showInactiveUsers": false,
      "signals": false,
      "strictSchemaValidation": false,
      "useMemoizedActiveTokens": false,
      "useProjectReadModel": false,
      "userAccessUIEnabled": false,
    },
    "externalResolver": {
      "getVariant": [Function],
      "isEnabled": [Function],
    },
  },
  "frontendApi": {
    "refreshIntervalInMs": 2700000,
  },
  "frontendApiOrigins": [
    "*",
  ],
  "getLogger": [Function],
  "import": {
    "environment": "development",
    "file": undefined,
    "project": "default",
  },
  "inlineSegmentConstraints": true,
  "isEnterprise": false,
  "listen": {
    "host": undefined,
    "port": 4242,
  },
  "metricsRateLimiting": {
    "clientMetricsMaxPerMinute": 6000,
    "clientRegisterMaxPerMinute": 6000,
    "frontendMetricsMaxPerMinute": 6000,
    "frontendRegisterMaxPerMinute": 6000,
  },
  "preHook": undefined,
  "preRouterHook": undefined,
  "prometheusApi": undefined,
  "publicFolder": undefined,
  "rateLimiting": {
    "callSignalEndpointMaxPerSecond": 1,
    "createUserMaxPerMinute": 20,
    "passwordResetMaxPerMinute": 1,
    "simpleLoginMaxPerMinute": 10,
  },
  "resourceLimits": {
    "actionSetActions": 10,
    "actionSetFilterValues": 25,
    "actionSetFilters": 5,
    "actionSetsPerProject": 5,
    "apiTokens": 2000,
    "constraintValues": 250,
    "constraints": 30,
    "environments": 50,
    "featureEnvironmentStrategies": 30,
    "featureFlags": 5000,
    "projects": 500,
    "segmentValues": 1000,
    "segments": 300,
    "signalEndpoints": 5,
    "signalTokensPerEndpoint": 5,
    "strategySegments": 5,
  },
  "secureHeaders": false,
  "segmentValuesLimit": 1000,
  "server": {
    "baseUriPath": "",
    "cdnPrefix": undefined,
    "disableCompression": false,
    "enableHeapSnapshotEnpoint": false,
    "enableRequestLogger": false,
    "enableScheduledCreatedByMigration": false,
    "gracefulShutdownEnable": true,
    "gracefulShutdownTimeout": 1000,
    "headersTimeout": 61000,
    "host": undefined,
    "keepAliveTimeout": 15000,
    "pipe": undefined,
    "port": 4242,
    "secret": "super-secret",
    "serverMetrics": true,
    "unleashUrl": "http://localhost:4242",
  },
  "session": {
    "clearSiteDataOnLogout": true,
    "cookieName": "unleash-session",
    "db": true,
    "ttlHours": 48,
  },
  "strategySegmentsLimit": 5,
  "telemetry": true,
  "ui": {
    "environment": "Open Source",
  },
  "versionCheck": {
    "enable": true,
    "url": "https://version.unleash.run",
  },
}
`;
