// Jest Snapshot v1, https://goo.gl/fbAQLP

exports[`should create default config 1`] = `
{
  "additionalCspAllowedDomains": {
    "defaultSrc": [],
    "fontSrc": [],
    "imgSrc": [],
    "scriptSrc": [],
    "styleSrc": [],
  },
  "authentication": {
    "createAdminUser": true,
    "customAuthHandler": [Function],
    "enableApiToken": true,
    "initApiTokens": [],
    "type": "open-source",
  },
  "clientFeatureCaching": {
    "enabled": true,
    "maxAge": 600,
  },
  "db": {
    "acquireConnectionTimeout": 30000,
    "applicationName": "unleash",
    "database": "unleash_db",
    "disableMigration": false,
    "driver": "postgres",
    "host": "localhost",
    "password": "password",
    "pool": {
      "idleTimeoutMillis": 30000,
      "max": 4,
      "min": 0,
      "propagateCreateError": false,
    },
    "port": 4242,
    "schema": "public",
    "ssl": {
      "rejectUnauthorized": false,
    },
    "user": "unleash",
    "version": undefined,
  },
  "disableLegacyFeaturesApi": false,
  "email": {
    "host": undefined,
    "port": 587,
    "secure": false,
    "sender": "noreply@unleash-hosted.com",
    "smtppass": undefined,
    "smtpuser": undefined,
  },
  "enableOAS": false,
  "enterpriseVersion": undefined,
  "environmentEnableOverrides": [],
  "eventBus": EventEmitter {
    "_events": {},
    "_eventsCount": 0,
    "_maxListeners": undefined,
    Symbol(kCapture): false,
  },
  "eventHook": undefined,
  "experimental": {
    "externalResolver": {
      "isEnabled": [Function],
    },
    "flags": {
      "ENABLE_DARK_MODE_SUPPORT": false,
      "anonymiseEventLog": false,
      "batchMetrics": false,
      "embedProxy": false,
      "embedProxyFrontend": false,
      "personalAccessTokens": false,
      "publicSignup": false,
      "responseTimeWithAppName": false,
      "syncSSOGroups": false,
    },
  },
  "flagResolver": FlagResolver {
    "experiments": {
      "ENABLE_DARK_MODE_SUPPORT": false,
      "anonymiseEventLog": false,
      "batchMetrics": false,
      "embedProxy": false,
      "embedProxyFrontend": false,
      "personalAccessTokens": false,
      "publicSignup": false,
      "responseTimeWithAppName": false,
      "syncSSOGroups": false,
    },
    "externalResolver": {
      "isEnabled": [Function],
    },
  },
  "frontendApi": {
    "refreshIntervalInMs": 10000,
  },
  "frontendApiOrigins": [
    "*",
  ],
  "getLogger": [Function],
  "import": {
    "dropBeforeImport": false,
    "file": undefined,
    "keepExisting": false,
  },
  "inlineSegmentConstraints": true,
  "listen": {
    "host": undefined,
    "port": 4242,
  },
  "preHook": undefined,
  "preRouterHook": undefined,
  "secureHeaders": false,
  "segmentValuesLimit": 100,
  "server": {
    "baseUriPath": "",
    "cdnPrefix": undefined,
    "enableRequestLogger": false,
    "gracefulShutdownEnable": true,
    "gracefulShutdownTimeout": 1000,
    "headersTimeout": 61000,
    "host": undefined,
    "keepAliveTimeout": 60000,
    "pipe": undefined,
    "port": 4242,
    "secret": "super-secret",
    "serverMetrics": true,
    "unleashUrl": "http://localhost:4242",
  },
  "session": {
    "clearSiteDataOnLogout": true,
    "cookieName": "unleash-session",
    "db": true,
    "ttlHours": 48,
  },
  "strategySegmentsLimit": 5,
  "ui": {
    "flags": {
      "E": true,
      "ENABLE_DARK_MODE_SUPPORT": false,
    },
  },
  "versionCheck": {
    "enable": true,
    "url": "https://version.unleash.run",
  },
}
`;
