// Jest Snapshot v1, https://goo.gl/fbAQLP

exports[`Should call slack webhook 1`] = `"{\\"username\\":\\"Unleash\\",\\"icon_emoji\\":\\":unleash:\\",\\"text\\":\\"some@user.com created feature toggle <http://some-url.com/features/strategies/some-toggle|some-toggle>\\\\n*Enabled*: no | *Type*: undefined | *Project*: undefined\\\\n*Activation strategies*: \`\`\`- name: default\\\\n\`\`\`\\",\\"channel\\":\\"#undefined\\",\\"attachments\\":[{\\"actions\\":[{\\"name\\":\\"featureToggle\\",\\"text\\":\\"Open in Unleash\\",\\"type\\":\\"button\\",\\"value\\":\\"featureToggle\\",\\"style\\":\\"primary\\",\\"url\\":\\"http://some-url.com/features/strategies/some-toggle\\"}]}]}"`;

exports[`Should call slack webhook for archived toggle 1`] = `"{\\"username\\":\\"Unleash\\",\\"icon_emoji\\":\\":unleash:\\",\\"text\\":\\"The feature toggle *<http://some-url.com/archive/strategies/some-toggle|some-toggle>* was *archived* by some@user.com.\\",\\"channel\\":\\"#undefined\\",\\"attachments\\":[{\\"actions\\":[{\\"name\\":\\"featureToggle\\",\\"text\\":\\"Open in Unleash\\",\\"type\\":\\"button\\",\\"value\\":\\"featureToggle\\",\\"style\\":\\"primary\\",\\"url\\":\\"http://some-url.com/archive/strategies/some-toggle\\"}]}]}"`;
