// Jest Snapshot v1, https://goo.gl/fbAQLP

exports[`Should call teams webhook 1`] = `"{\\"themeColor\\":\\"0076D7\\",\\"summary\\":\\"Message\\",\\"sections\\":[{\\"activityTitle\\":\\"some@user.com created feature toggle <http://some-url.com/projects//some-toggle|some-toggle>\\\\n    *Enabled*: no | *Type*: undefined | *Project*: undefined\\\\n    *Activation strategies*: \`\`\`- name: default\\\\n\`\`\`\\",\\"activitySubtitle\\":\\"Unleash notification update\\",\\"facts\\":[{\\"name\\":\\"User\\",\\"value\\":\\"some@user.com\\"},{\\"name\\":\\"Action\\",\\"value\\":\\"feature-created\\"},{\\"name\\":\\"Enabled\\",\\"value\\":\\"*no*\\"}]}],\\"potentialAction\\":[{\\"@type\\":\\"OpenUri\\",\\"name\\":\\"Go to feature\\",\\"targets\\":[{\\"os\\":\\"default\\",\\"uri\\":\\"http://some-url.com/projects//some-toggle\\"}]}]}"`;

exports[`Should call teams webhook for archived toggle 1`] = `"{\\"themeColor\\":\\"0076D7\\",\\"summary\\":\\"Message\\",\\"sections\\":[{\\"activityTitle\\":\\" some@user.com just archived feature toggle *<http://some-url.com/archive|some-toggle>*\\",\\"activitySubtitle\\":\\"Unleash notification update\\",\\"facts\\":[{\\"name\\":\\"User\\",\\"value\\":\\"some@user.com\\"},{\\"name\\":\\"Action\\",\\"value\\":\\"feature-archived\\"},{\\"name\\":\\"Enabled\\",\\"value\\":\\"*no*\\"}]}],\\"potentialAction\\":[{\\"@type\\":\\"OpenUri\\",\\"name\\":\\"Go to feature\\",\\"targets\\":[{\\"os\\":\\"default\\",\\"uri\\":\\"http://some-url.com/archive\\"}]}]}"`;

exports[`Should call teams webhook for toggled environment 1`] = `"{\\"themeColor\\":\\"0076D7\\",\\"summary\\":\\"Message\\",\\"sections\\":[{\\"activityTitle\\":\\"some@user.com *disabled* <http://some-url.com/projects/default/some-toggle|some-toggle> in *development* environment\\",\\"activitySubtitle\\":\\"Unleash notification update\\",\\"facts\\":[{\\"name\\":\\"User\\",\\"value\\":\\"some@user.com\\"},{\\"name\\":\\"Action\\",\\"value\\":\\"feature-environment-disabled\\"},{\\"name\\":\\"Enabled\\",\\"value\\":\\"*no*\\"}]}],\\"potentialAction\\":[{\\"@type\\":\\"OpenUri\\",\\"name\\":\\"Go to feature\\",\\"targets\\":[{\\"os\\":\\"default\\",\\"uri\\":\\"http://some-url.com/projects/default/some-toggle\\"}]}]}"`;
