// Jest Snapshot v1, https://goo.gl/fbAQLP

exports[`renders correctly with archived toggles 1`] = `
<react-mdl-Card
  className="fullwidth"
  shadow={0}
>
  <div>
    <div
      style={
        Object {
          "position": "relative",
        }
      }
    >
      <react-mdl-List>
        <react-mdl-ListItem
          className="archiveList"
        >
          <span
            className="listItemToggle"
          >
            Toggle name
          </span>
          <span
            className="listItemRevive"
          >
            Revive
          </span>
        </react-mdl-ListItem>
        <hr />
        <react-mdl-List>
          <react-mdl-ListItem
            twoLine={true}
          >
            <react-mdl-ListItemAction>
              <react-mdl-Icon
                name="keyboard_arrow_right"
              />
            </react-mdl-ListItemAction>
            <react-mdl-ListItemContent>
              <a
                className="listLink truncate"
                onClick={[Function]}
                style={Object {}}
              >
                adin-pay-confirm-disabled
                <div
                  className="toggleDetails"
                >
                  Disables the confirm-functionality from API
                </div>
              </a>
            </react-mdl-ListItemContent>
            <react-mdl-ListItemAction
              onClick={[Function]}
            >
              <react-mdl-Icon
                name="undo"
              />
            </react-mdl-ListItemAction>
          </react-mdl-ListItem>
          <react-mdl-ListItem
            twoLine={true}
          >
            <react-mdl-ListItemAction>
              <react-mdl-Icon
                name="keyboard_arrow_right"
              />
            </react-mdl-ListItemAction>
            <react-mdl-ListItemContent>
              <a
                className="listLink truncate"
                onClick={[Function]}
                style={Object {}}
              >
                adin-pay-platform-sch-payment
                <div
                  className="toggleDetails"
                >
                  Enables use of schibsted payment from order-payment-management
                </div>
              </a>
            </react-mdl-ListItemContent>
            <react-mdl-ListItemAction
              onClick={[Function]}
            >
              <react-mdl-Icon
                name="undo"
              />
            </react-mdl-ListItemAction>
          </react-mdl-ListItem>
        </react-mdl-List>
      </react-mdl-List>
    </div>
  </div>
</react-mdl-Card>
`;

exports[`renders correctly with no archived toggles 1`] = `
<react-mdl-Card
  className="fullwidth"
  shadow={0}
>
  <div
    className="emptyState"
  >
    <react-mdl-Icon
      className="mdl-color-text--grey-300"
      name="archive"
      style={
        Object {
          "fontSize": "56px",
        }
      }
    />
    <br />
    No archived feature toggles, go see 
    <a
      onClick={[Function]}
      style={Object {}}
    >
      active toggles here
    </a>
  </div>
</react-mdl-Card>
`;
