// Jest Snapshot v1, https://goo.gl/fbAQLP

exports[`apiTokenSchema empty 1`] = `
Object {
  "errors": Array [
    Object {
      "instancePath": "",
      "keyword": "required",
      "message": "must have required property 'username'",
      "params": Object {
        "missingProperty": "username",
      },
      "schemaPath": "#/required",
    },
  ],
  "schema": "#/components/schemas/apiTokenSchema",
}
`;

exports[`apiTokenSchema metadata - does not allow custom metadata parameters 1`] = `
Object {
  "errors": Array [
    Object {
      "instancePath": "/metadata",
      "keyword": "additionalProperties",
      "message": "must NOT have additional properties",
      "params": Object {
        "additionalProperty": "arbitraryParameter",
      },
      "schemaPath": "#/properties/metadata/additionalProperties",
    },
  ],
  "schema": "#/components/schemas/apiTokenSchema",
}
`;
