// Jest Snapshot v1, https://goo.gl/fbAQLP

exports[`changePasswordSchema empty 1`] = `
Object {
  "errors": Array [
    Object {
      "instancePath": "",
      "keyword": "required",
      "message": "must have required property 'token'",
      "params": Object {
        "missingProperty": "token",
      },
      "schemaPath": "#/required",
    },
  ],
  "schema": "#/components/schemas/changePasswordSchema",
}
`;
