// Jest Snapshot v1, https://goo.gl/fbAQLP

exports[`clientApplicationSchema no fields 1`] = `
{
  "errors": [
    {
      "instancePath": "",
      "keyword": "required",
      "message": "must have required property 'appName'",
      "params": {
        "missingProperty": "appName",
      },
      "schemaPath": "#/required",
    },
  ],
  "schema": "#/components/schemas/clientApplicationSchema",
}
`;
