// Jest Snapshot v1, https://goo.gl/fbAQLP

exports[`featureEnvironmentSchema empty 1`] = `
{
  "errors": [
    {
      "instancePath": "",
      "keyword": "required",
      "message": "must have required property 'name'",
      "params": {
        "missingProperty": "name",
      },
      "schemaPath": "#/required",
    },
  ],
  "schema": "#/components/schemas/featureEnvironmentSchema",
}
`;
