// Vitest Snapshot v1, https://vitest.dev/guide/snapshot.html

exports[`roleSchema 1`] = `
{
  "errors": [
    {
      "instancePath": "",
      "keyword": "required",
      "message": "must have required property 'id'",
      "params": {
        "missingProperty": "id",
      },
      "schemaPath": "#/required",
    },
  ],
  "schema": "#/components/schemas/roleSchema",
}
`;
