// Jest Snapshot v1, https://goo.gl/fbAQLP

exports[`strategySchema 1`] = `
{
  "errors": [
    {
      "instancePath": "",
      "keyword": "required",
      "message": "must have required property 'name'",
      "params": {
        "missingProperty": "name",
      },
      "schemaPath": "#/required",
    },
    {
      "instancePath": "",
      "keyword": "required",
      "message": "must have required property 'displayName'",
      "params": {
        "missingProperty": "displayName",
      },
      "schemaPath": "#/required",
    },
    {
      "instancePath": "",
      "keyword": "required",
      "message": "must have required property 'description'",
      "params": {
        "missingProperty": "description",
      },
      "schemaPath": "#/required",
    },
    {
      "instancePath": "",
      "keyword": "required",
      "message": "must have required property 'editable'",
      "params": {
        "missingProperty": "editable",
      },
      "schemaPath": "#/required",
    },
    {
      "instancePath": "",
      "keyword": "required",
      "message": "must have required property 'deprecated'",
      "params": {
        "missingProperty": "deprecated",
      },
      "schemaPath": "#/required",
    },
    {
      "instancePath": "",
      "keyword": "required",
      "message": "must have required property 'parameters'",
      "params": {
        "missingProperty": "parameters",
      },
      "schemaPath": "#/required",
    },
  ],
  "schema": "#/components/schemas/strategySchema",
}
`;
