// Jest Snapshot v1, https://goo.gl/fbAQLP

exports[`validatePasswordSchema empty 1`] = `
{
  "errors": [
    {
      "instancePath": "",
      "keyword": "required",
      "message": "must have required property 'password'",
      "params": {
        "missingProperty": "password",
      },
      "schemaPath": "#/required",
    },
  ],
  "schema": "#/components/schemas/validatePasswordSchema",
}
`;
