// Jest Snapshot v1, https://goo.gl/fbAQLP

exports[`render the create feature page 1`] = `
<react-mdl-Card
  className="fullwidth"
  shadow={0}
  style={
    Object {
      "overflow": "visible",
    }
  }
>
  <react-mdl-CardTitle
    style={
      Object {
        "paddingTop": "24px",
        "wordBreak": "break-all",
      }
    }
  >
    Create new feature toggle
  </react-mdl-CardTitle>
  <form
    onSubmit={[MockFunction]}
  >
    <react-mdl-Grid>
      <react-mdl-Cell
        col={4}
      >
        <react-mdl-Textfield
          className="fullwidth"
          floatingLabel={true}
          label="Name"
          name="name"
          onBlur={[Function]}
          onChange={[Function]}
          placeholder="Unique-name"
          value="feature"
        />
      </react-mdl-Cell>
      <react-mdl-Cell
        col={3}
      >
        <Connect(FeatureTypeSelectComponent)
          onChange={[Function]}
        />
      </react-mdl-Cell>
    </react-mdl-Grid>
    <section
      className="sectionPadding"
    >
      <Connect(ProjectSelectComponent)
        onChange={[Function]}
      />
    </section>
    <section
      className="sectionPadding"
    >
      <react-mdl-Textfield
        className="fullwidth"
        floatingLabel={true}
        label="Description"
        onChange={[Function]}
        placeholder="A short description of the feature toggle"
        rows={1}
        value="Description"
      />
    </section>
    <section
      style={
        Object {
          "padding": "10px 16px",
        }
      }
    >
      <react-mdl-Switch
        checked={false}
        onChange={[Function]}
      >
        Disabled
         feature toggle
      </react-mdl-Switch>
    </section>
    <section
      style={
        Object {
          "margin": "40px 0",
        }
      }
    >
      <Connect(StrategiesList)
        editable={true}
        featureToggleName="feature"
        saveStrategies={[Function]}
      />
    </section>
    <react-mdl-CardActions>
      <FormButtons
        onCancel={[MockFunction]}
        submitText="Create"
      />
    </react-mdl-CardActions>
  </form>
</react-mdl-Card>
`;
