// Jest Snapshot v1, https://goo.gl/fbAQLP

exports[`render the create feature page 1`] = `
<react-mdl-Card
  className="fullwidth"
  shadow={0}
  style={
    Object {
      "overflow": "visible",
    }
  }
>
  <react-mdl-CardTitle
    style={
      Object {
        "paddingTop": "24px",
        "wordBreak": "break-all",
      }
    }
  >
    Create new feature toggle
  </react-mdl-CardTitle>
  <form
    onSubmit={[MockFunction]}
  >
    <react-mdl-Grid>
      <react-mdl-Cell
        col={4}
      >
        <react-mdl-Textfield
          floatingLabel={true}
          label="Name"
          name="name"
          onBlur={[Function]}
          onChange={[Function]}
          placeholder="Unique-name"
          style={
            Object {
              "width": "100%",
            }
          }
          value="feature"
        />
      </react-mdl-Cell>
      <react-mdl-Cell
        col={2}
      >
        <Connect(FeatureTypeSelectComponent)
          onChange={[Function]}
        />
      </react-mdl-Cell>
      <react-mdl-Cell
        col={2}
        style={
          Object {
            "paddingTop": "14px",
          }
        }
      >
        <react-mdl-Switch
          checked={false}
          onChange={[Function]}
        >
          Disabled
        </react-mdl-Switch>
      </react-mdl-Cell>
    </react-mdl-Grid>
    <section
      style={
        Object {
          "padding": "0 16px",
        }
      }
    >
      <Connect(ProjectSelectComponent)
        onChange={[Function]}
      />
    </section>
    <section
      style={
        Object {
          "padding": "0 16px",
        }
      }
    >
      <react-mdl-Textfield
        floatingLabel={true}
        label="Description"
        onChange={[Function]}
        placeholder="A short description of the feature toggle"
        rows={1}
        style={
          Object {
            "width": "100%",
          }
        }
        value="Description"
      />
      <StrategiesSection
        addStrategy={[MockFunction]}
        configuredStrategies={Array []}
        featureToggleName="feature"
        moveStrategy={[MockFunction]}
        removeStrategy={[MockFunction]}
        updateStrategy={[MockFunction]}
      />
      <br />
    </section>
    <react-mdl-CardActions>
      <FormButtons
        onCancel={[MockFunction]}
        submitText="Create"
      />
    </react-mdl-CardActions>
  </form>
</react-mdl-Card>
`;
