// Jest Snapshot v1, https://goo.gl/fbAQLP

exports[`renders correctly if no application 1`] = `
<div>
  <p>
    Loading...
  </p>
  <div
    className="MuiLinearProgress-root MuiLinearProgress-colorPrimary MuiLinearProgress-indeterminate"
    role="progressbar"
  >
    <div
      className="MuiLinearProgress-bar MuiLinearProgress-barColorPrimary MuiLinearProgress-bar1Indeterminate"
      style={Object {}}
    />
    <div
      className="MuiLinearProgress-bar MuiLinearProgress-bar2Indeterminate MuiLinearProgress-barColorPrimary"
      style={Object {}}
    />
  </div>
</div>
`;

exports[`renders correctly with permissions 1`] = `
<div>
  <p>
    Loading...
  </p>
  <div
    className="MuiLinearProgress-root MuiLinearProgress-colorPrimary MuiLinearProgress-indeterminate"
    role="progressbar"
  >
    <div
      className="MuiLinearProgress-bar MuiLinearProgress-barColorPrimary MuiLinearProgress-bar1Indeterminate"
      style={Object {}}
    />
    <div
      className="MuiLinearProgress-bar MuiLinearProgress-bar2Indeterminate MuiLinearProgress-barColorPrimary"
      style={Object {}}
    />
  </div>
</div>
`;

exports[`renders correctly without permission 1`] = `
<div>
  <p>
    Loading...
  </p>
  <div
    className="MuiLinearProgress-root MuiLinearProgress-colorPrimary MuiLinearProgress-indeterminate"
    role="progressbar"
  >
    <div
      className="MuiLinearProgress-bar MuiLinearProgress-barColorPrimary MuiLinearProgress-bar1Indeterminate"
      style={Object {}}
    />
    <div
      className="MuiLinearProgress-bar MuiLinearProgress-bar2Indeterminate MuiLinearProgress-barColorPrimary"
      style={Object {}}
    />
  </div>
</div>
`;
